// Jest Snapshot v1, https://goo.gl/fbAQLP

exports[`MovieCardList correctly renders after relaunch 1`] = `
<div
  className="catalog__movies-list"
>
  <article
    className="small-movie-card catalog__movies-card"
  >
    <video
      className="player__video"
      onMouseLeave={[Function]}
      onMouseOver={[Function]}
      poster="fantastic-beasts-the-crimes-of-grindelwald.jpg"
      type="video/mp4"
    >
      <source
        src="http://commondatastorage.googleapis.com/gtv-videos-bucket/sample/ForBiggerMeltdowns.mp4"
      />
    </video>
    <h3
      className="small-movie-card__title"
    >
      <a
        className="small-movie-card__link"
        href="movie-page.html"
      >
        Fantastic Beasts: The Crimes of Grindelwald
      </a>
    </h3>
  </article>
  <article
    className="small-movie-card catalog__movies-card"
  >
    <video
      className="player__video"
      onMouseLeave={[Function]}
      onMouseOver={[Function]}
      poster="bohemian-rhapsody.jpg"
      type="video/mp4"
    >
      <source
        src="http://commondatastorage.googleapis.com/gtv-videos-bucket/sample/ForBiggerFun.mp4"
      />
    </video>
    <h3
      className="small-movie-card__title"
    >
      <a
        className="small-movie-card__link"
        href="movie-page.html"
      >
        Bohemian Rhapsody
      </a>
    </h3>
  </article>
</div>
`;
