// Jest Snapshot v1, https://goo.gl/fbAQLP

exports[`Main correctly renders after relaunch 1`] = `
<div>
  <section
    className="movie-card"
  >
    <div
      className="movie-card__bg"
    >
      <img
        alt="The Grand Budapest Hotel"
        src="img/bg-the-grand-budapest-hotel.jpg"
      />
    </div>
    <h1
      className="visually-hidden"
    >
      WTW
    </h1>
    <header
      className="page-header movie-card__head"
    >
      <div
        className="logo"
      >
        <a
          className="logo__link "
        >
          <span
            className="logo__letter logo__letter--1"
          >
            W
          </span>
          <span
            className="logo__letter logo__letter--2"
          >
            T
          </span>
          <span
            className="logo__letter logo__letter--3"
          >
            W
          </span>
        </a>
      </div>
      <div
        className="user-block"
      >
        <a
          href="/login"
          onClick={[Function]}
        >
          <div
            className="user-block__avatar"
          >
            <img
              alt="User avatar"
              height="63"
              src="img/avatar.jpg"
              width="63"
            />
          </div>
        </a>
      </div>
    </header>
    <div
      className="movie-card__wrap"
    >
      <div
        className="movie-card__info"
      >
        <div
          className="movie-card__poster"
        >
          <img
            alt="The Grand Budapest Hotel poster"
            height="327"
            src="img/the-grand-budapest-hotel-poster.jpg"
            width="218"
          />
        </div>
        <div
          className="movie-card__desc"
        >
          <h2
            className="movie-card__title"
          >
            The Grand Budapest Hotel
          </h2>
          <p
            className="movie-card__meta"
          >
            <span
              className="movie-card__genre"
            >
              Drama
            </span>
            <span
              className="movie-card__year"
            >
              2014
            </span>
          </p>
          <div
            className="movie-card__buttons"
          >
            <button
              className="btn btn--play movie-card__button"
              type="button"
            >
              <svg
                height="19"
                viewBox="0 0 19 19"
                width="19"
              >
                <use
                  xlinkHref="#play-s"
                />
              </svg>
              <span>
                Play
              </span>
            </button>
            <button
              className="btn btn--list movie-card__button"
              type="button"
            >
              <svg
                height="20"
                viewBox="0 0 19 20"
                width="19"
              >
                <use
                  xlinkHref="#add"
                />
              </svg>
              <span>
                My list
              </span>
            </button>
          </div>
        </div>
      </div>
    </div>
  </section>
  <div
    className="page-content"
  >
    <div
      className="catalog"
    >
      <h2
        className="catalog__title visually-hidden"
      >
         Catalog 
      </h2>
      <ul
        className="catalog__genres-list"
      >
        <li
          className="catalog__genres-item catalog__genres-item--active"
        >
          <a
            className="catalog__genres-link"
            onClick={[Function]}
            style={
              Object {
                "cursor": "pointer",
              }
            }
          >
            All genres
          </a>
        </li>
        <li
          className="catalog__genres-item "
        >
          <a
            className="catalog__genres-link"
            onClick={[Function]}
            style={
              Object {
                "cursor": "pointer",
              }
            }
          >
            Comedies
          </a>
        </li>
        <li
          className="catalog__genres-item "
        >
          <a
            className="catalog__genres-link"
            onClick={[Function]}
            style={
              Object {
                "cursor": "pointer",
              }
            }
          >
            Documentary
          </a>
        </li>
        <li
          className="catalog__genres-item "
        >
          <a
            className="catalog__genres-link"
            onClick={[Function]}
            style={
              Object {
                "cursor": "pointer",
              }
            }
          >
            Romance
          </a>
        </li>
      </ul>
      <div
        className="catalog__movies-list"
      >
        <article
          className="small-movie-card catalog__movies-card"
        >
          <a
            href="/films/10111"
            onClick={[Function]}
          >
            <div
              className="small-movie-card__image"
            >
              <video
                className="player__video"
                onMouseLeave={[Function]}
                onMouseOver={[Function]}
                poster="fantastic-beasts-the-crimes-of-grindelwald.jpg"
                type="video/mp4"
              >
                <source
                  src="http://commondatastorage.googleapis.com/gtv-videos-bucket/sample/ForBiggerMeltdowns.mp4"
                />
              </video>
            </div>
          </a>
          <h3
            className="small-movie-card__title"
          >
            <a
              className="small-movie-card__link"
              href="/films/10111"
              onClick={[Function]}
            >
              Fantastic Beasts: The Crimes of Grindelwald
            </a>
          </h3>
        </article>
        <article
          className="small-movie-card catalog__movies-card"
        >
          <a
            href="/films/20222"
            onClick={[Function]}
          >
            <div
              className="small-movie-card__image"
            >
              <video
                className="player__video"
                onMouseLeave={[Function]}
                onMouseOver={[Function]}
                poster="bohemian-rhapsody.jpg"
                type="video/mp4"
              >
                <source
                  src="http://commondatastorage.googleapis.com/gtv-videos-bucket/sample/ForBiggerFun.mp4"
                />
              </video>
            </div>
          </a>
          <h3
            className="small-movie-card__title"
          >
            <a
              className="small-movie-card__link"
              href="/films/20222"
              onClick={[Function]}
            >
              Bohemian Rhapsody
            </a>
          </h3>
        </article>
      </div>
      <div
        className="catalog__more"
      >
        <button
          className="catalog__button"
          type="button"
        >
          Show more
        </button>
      </div>
    </div>
    <footer
      className="page-footer"
    >
      <div
        className="logo"
      >
        <a
          className="logo__link logo__link--light"
        >
          <span
            className="logo__letter logo__letter--1"
          >
            W
          </span>
          <span
            className="logo__letter logo__letter--2"
          >
            T
          </span>
          <span
            className="logo__letter logo__letter--3"
          >
            W
          </span>
        </a>
      </div>
      <div
        className="copyright"
      >
        <p>
          Â© 2019 What to watch Ltd.
        </p>
      </div>
    </footer>
  </div>
</div>
`;
