// Jest Snapshot v1, https://goo.gl/fbAQLP

exports[`MovieCard correctly renders after relaunch 1`] = `
<article
  className="small-movie-card catalog__movies-card"
>
  <a
    href="/films/40444"
    onClick={[Function]}
  >
    <div
      className="small-movie-card__image"
    >
      <video
        className="player__video"
        onMouseLeave={[Function]}
        onMouseOver={[Function]}
        poster="aviator.jpg"
        type="video/mp4"
      >
        <source
          src="https://test-videos.co.uk/vids/bigbuckbunny/mp4/h264/360/Big_Buck_Bunny_360_10s_1MB.mp4
"
        />
      </video>
    </div>
  </a>
  <h3
    className="small-movie-card__title"
  >
    <a
      className="small-movie-card__link"
      href="/films/40444"
      onClick={[Function]}
    >
      Aviator
    </a>
  </h3>
</article>
`;
